// Jest Snapshot v1, https://goo.gl/fbAQLP

exports[`AdminLayout should work 1`] = `
<div>
  <div
    class="MuiBox-root css-18qj8iw"
  >
    <header
      class="MuiPaper-root MuiPaper-elevation MuiPaper-elevation4 MuiAppBar-root MuiAppBar-colorPrimary MuiAppBar-positionStatic css-hip9hq-MuiPaper-root-MuiAppBar-root"
    >
      <div
        class="MuiToolbar-root MuiToolbar-gutters MuiToolbar-regular css-1t29gy6-MuiToolbar-root"
      >
        <div
          class="MuiTypography-root MuiTypography-h6 css-1juivf6-MuiTypography-root"
        >
          Distichain
        </div>
      </div>
    </header>
    <div
      class="MuiBox-root css-7gojc3"
    >
      <h2
        class="MuiTypography-root MuiTypography-h4 css-5lbw0b-MuiTypography-root"
      >
        My Header
      </h2>
      <div
        class="MuiBox-root css-r4f27e"
      >
        <nav
          class="MuiTypography-root MuiTypography-body1 MuiBreadcrumbs-root css-63vwl1-MuiTypography-root-MuiBreadcrumbs-root"
        >
          <ol
            class="MuiBreadcrumbs-ol css-4pdmu4-MuiBreadcrumbs-ol"
          >
            <li
              class="MuiBreadcrumbs-li"
            >
              <a
                class="MuiTypography-root MuiTypography-inherit MuiLink-root MuiLink-underlineAlways css-1iwtne7-MuiTypography-root-MuiLink-root"
                href="/link1"
              >
                Link 1
              </a>
            </li>
          </ol>
        </nav>
      </div>
      <div
        class="MuiBox-root css-178yklu"
      >
        Content
      </div>
    </div>
  </div>
</div>
`;
