// Jest Snapshot v1, https://goo.gl/fbAQLP

exports[`TraderList should render 1`] = `
<div>
  <div>
    <h2
      class="MuiTypography-root MuiTypography-h4 css-5lbw0b-MuiTypography-root"
    >
      Traders
    </h2>
    <div
      class="MuiBox-root css-178yklu"
    >
      <div
        aria-colcount="5"
        aria-multiselectable="false"
        aria-rowcount="1"
        class="MuiDataGrid-root MuiDataGrid-root MuiDataGrid-autoHeight"
        role="grid"
      >
        <div>
          <div />
        </div>
        <div
          class="MuiDataGrid-main"
        >
          <div
            class="MuiDataGrid-columnsContainer"
            style="min-height: 56px; max-height: 56px; line-height: 56px;"
          >
            <div
              aria-rowindex="1"
              class="MuiDataGrid-columnHeaderWrapper scroll"
              role="row"
              style="transform: translate3d(0px, 0px, 0px); min-width: 700px;"
            >
              <div
                aria-colindex="1"
                class="MuiDataGrid-columnHeader"
                data-field="marketplace"
                role="columnheader"
                style="width: 130px; min-width: 130px; max-width: 130px;"
                tabindex="0"
              >
                <div
                  class="MuiDataGrid-columnHeaderDraggableContainer"
                  draggable="false"
                >
                  <div
                    class="MuiDataGrid-columnHeaderTitleContainer"
                  >
                    <div
                      aria-label=""
                      class="MuiDataGrid-columnHeaderTitle"
                      data-mui-internal-clone-element="true"
                    >
                      Marketplace
                    </div>
                  </div>
                </div>
                <div
                  class="MuiDataGrid-columnSeparator"
                  style="min-height: 56px; opacity: 1;"
                >
                  <svg
                    aria-hidden="true"
                    class="MuiSvgIcon-root MuiSvgIcon-fontSizeMedium MuiDataGrid-iconSeparator css-i4bv87-MuiSvgIcon-root"
                    data-testid="SeparatorIcon"
                    focusable="false"
                    viewBox="0 0 24 24"
                  >
                    <path
                      d="M11 19V5h2v14z"
                    />
                  </svg>
                </div>
              </div>
              <div
                aria-colindex="2"
                class="MuiDataGrid-columnHeader"
                data-field="username"
                role="columnheader"
                style="width: 130px; min-width: 130px; max-width: 130px;"
                tabindex="-1"
              >
                <div
                  class="MuiDataGrid-columnHeaderDraggableContainer"
                  draggable="false"
                >
                  <div
                    class="MuiDataGrid-columnHeaderTitleContainer"
                  >
                    <div
                      aria-label=""
                      class="MuiDataGrid-columnHeaderTitle"
                      data-mui-internal-clone-element="true"
                    >
                      Username
                    </div>
                  </div>
                </div>
                <div
                  class="MuiDataGrid-columnSeparator"
                  style="min-height: 56px; opacity: 1;"
                >
                  <svg
                    aria-hidden="true"
                    class="MuiSvgIcon-root MuiSvgIcon-fontSizeMedium MuiDataGrid-iconSeparator css-i4bv87-MuiSvgIcon-root"
                    data-testid="SeparatorIcon"
                    focusable="false"
                    viewBox="0 0 24 24"
                  >
                    <path
                      d="M11 19V5h2v14z"
                    />
                  </svg>
                </div>
              </div>
              <div
                aria-colindex="3"
                class="MuiDataGrid-columnHeader"
                data-field="email"
                role="columnheader"
                style="width: 130px; min-width: 130px; max-width: 130px;"
                tabindex="-1"
              >
                <div
                  class="MuiDataGrid-columnHeaderDraggableContainer"
                  draggable="false"
                >
                  <div
                    class="MuiDataGrid-columnHeaderTitleContainer"
                  >
                    <div
                      aria-label=""
                      class="MuiDataGrid-columnHeaderTitle"
                      data-mui-internal-clone-element="true"
                    >
                      Email
                    </div>
                  </div>
                </div>
                <div
                  class="MuiDataGrid-columnSeparator"
                  style="min-height: 56px; opacity: 1;"
                >
                  <svg
                    aria-hidden="true"
                    class="MuiSvgIcon-root MuiSvgIcon-fontSizeMedium MuiDataGrid-iconSeparator css-i4bv87-MuiSvgIcon-root"
                    data-testid="SeparatorIcon"
                    focusable="false"
                    viewBox="0 0 24 24"
                  >
                    <path
                      d="M11 19V5h2v14z"
                    />
                  </svg>
                </div>
              </div>
              <div
                class="MuiDataGrid-cell"
                style="min-width: 310px; max-width: 310px; line-height: 55px; min-height: 56px; max-height: 56px;"
              />
            </div>
          </div>
          <div
            style="overflow: visible; width: 0px;"
          >
            <div
              class="MuiDataGrid-windowContainer"
              style="width: 0px; height: 108px;"
            >
              <div
                class="MuiDataGrid-window"
                style="top: 56px; overflow-y: hidden;"
              >
                <div
                  class="MuiDataGrid-dataContainer"
                  style="min-width: 700px; min-height: 52px;"
                >
                  <div
                    class="MuiDataGrid-viewport"
                    style="min-width: 0; max-width: 0; max-height: 52px;"
                  >
                    <div
                      class="MuiDataGrid-renderingZone"
                      style="max-height: 52px; width: 700px; transform: translate3d(0px, 0px, 0px);"
                    >
                      <div
                        aria-rowindex="2"
                        aria-selected="false"
                        class="MuiDataGrid-row"
                        data-id="1"
                        data-rowindex="0"
                        role="row"
                        style="max-height: 52px; min-height: 52px;"
                      >
                        <div
                          aria-colindex="1"
                          class="MuiDataGrid-cell MuiDataGrid-cell--textLeft"
                          data-colindex="0"
                          data-field="marketplace"
                          role="cell"
                          style="min-width: 130px; max-width: 130px; min-height: 52px; max-height: 52px; line-height: 51px;"
                          tabindex="-1"
                        >
                          Hotel Supply B2B
                        </div>
                        <div
                          aria-colindex="2"
                          class="MuiDataGrid-cell MuiDataGrid-cell--textLeft"
                          data-colindex="1"
                          data-field="username"
                          role="cell"
                          style="min-width: 130px; max-width: 130px; min-height: 52px; max-height: 52px; line-height: 51px;"
                          tabindex="-1"
                        >
                          tuan
                        </div>
                        <div
                          aria-colindex="3"
                          class="MuiDataGrid-cell MuiDataGrid-cell--textLeft"
                          data-colindex="2"
                          data-field="email"
                          role="cell"
                          style="min-width: 130px; max-width: 130px; min-height: 52px; max-height: 52px; line-height: 51px;"
                          tabindex="-1"
                        >
                          tuan@tuan.tuan  
                        </div>
                        <div
                          class="MuiDataGrid-cell"
                          style="min-width: 310px; max-width: 310px; line-height: 51px; min-height: 52px; max-height: 52px;"
                        />
                      </div>
                    </div>
                  </div>
                </div>
              </div>
            </div>
          </div>
          <div
            class="Mui-resizeTriggers"
          >
            <div
              class="expand-trigger"
            >
              <div
                style="width: 1px; height: 1px;"
              />
            </div>
            <div
              class="contract-trigger"
            />
          </div>
        </div>
      </div>
    </div>
  </div>
</div>
`;
