// Jest Snapshot v1, https://goo.gl/fbAQLP

exports[`Trader should render correctly 1`] = `
<div>
  <h2
    class="MuiTypography-root MuiTypography-h4 css-5lbw0b-MuiTypography-root"
  >
    Hotel Supply B2B
     |
     
    AAA
  </h2>
  <div
    class="MuiBox-root css-r4f27e"
  >
    <nav
      aria-label="breadcrumb"
      class="MuiTypography-root MuiTypography-body1 MuiBreadcrumbs-root css-63vwl1-MuiTypography-root-MuiBreadcrumbs-root"
    >
      <ol
        class="MuiBreadcrumbs-ol css-4pdmu4-MuiBreadcrumbs-ol"
      >
        <li
          class="MuiBreadcrumbs-li"
        >
          <a />
        </li>
        <li
          aria-hidden="true"
          class="MuiBreadcrumbs-separator css-1wuw8dw-MuiBreadcrumbs-separator"
        >
          /
        </li>
        <li
          class="MuiBreadcrumbs-li"
        >
          <p
            class="MuiTypography-root MuiTypography-body1 css-b9dwom-MuiTypography-root"
          >
            Trader Details
          </p>
        </li>
      </ol>
    </nav>
  </div>
  <div
    class="MuiPaper-root MuiPaper-outlined MuiPaper-rounded MuiCard-root css-1do9ab6-MuiPaper-root-MuiCard-root"
  >
    <div
      class="MuiCardContent-root css-46bh2p-MuiCardContent-root"
    >
      <p
        class="MuiTypography-root MuiTypography-body1 css-ndaqpv-MuiTypography-root"
      >
        Contact Details
      </p>
      <ul
        class="MuiList-root MuiList-padding css-h4y409-MuiList-root"
      >
        <li
          class="MuiListItem-root MuiListItem-gutters css-1nxmd3h-MuiListItem-root"
        >
          <div
            class="css-1v6lj4c"
          >
            <div
              class="css-1dmwlu3"
            >
              Company Name
            </div>
            <div
              class="css-1dmwlu3"
            >
              AAA
            </div>
          </div>
        </li>
        <li
          class="MuiListItem-root MuiListItem-gutters css-1nxmd3h-MuiListItem-root"
        >
          <div
            class="css-1v6lj4c"
          >
            <div
              class="css-1dmwlu3"
            >
              Phone Number
            </div>
            <div
              class="css-1dmwlu3"
            >
              12312451
            </div>
          </div>
        </li>
        <li
          class="MuiListItem-root MuiListItem-gutters css-1nxmd3h-MuiListItem-root"
        >
          <div
            class="css-1v6lj4c"
          >
            <div
              class="css-1dmwlu3"
            >
              Email Address
            </div>
            <div
              class="css-1dmwlu3"
            >
              <div>
                <div>
                  email@asd.cos
                </div>
                <div
                  class="MuiChip-root MuiChip-filled MuiChip-sizeSmall MuiChip-colorSuccess MuiChip-filledSuccess css-1srradg-MuiChip-root"
                >
                  <span
                    class="MuiChip-label MuiChip-labelSmall css-wjsjww-MuiChip-label"
                  >
                    Email Verified
                  </span>
                </div>
              </div>
            </div>
          </div>
        </li>
        <li
          class="MuiListItem-root MuiListItem-gutters css-1nxmd3h-MuiListItem-root"
        >
          <div
            class="css-1v6lj4c"
          >
            <div
              class="css-1dmwlu3"
            >
              Country
            </div>
            <div
              class="css-1dmwlu3"
            >
              Vietnam
            </div>
          </div>
        </li>
        <li
          class="MuiListItem-root MuiListItem-gutters css-1nxmd3h-MuiListItem-root"
        >
          <div
            class="css-1v6lj4c"
          >
            <div
              class="css-1dmwlu3"
            >
              Full Address
            </div>
            <div
              class="css-1dmwlu3"
            >
              232 Akd ale
            </div>
          </div>
        </li>
      </ul>
    </div>
  </div>
  <div
    class="MuiBox-root css-178yklu"
  >
    <div
      aria-colcount="5"
      aria-multiselectable="false"
      aria-rowcount="1"
      class="MuiDataGrid-root MuiDataGrid-root MuiDataGrid-autoHeight"
      role="grid"
    >
      <div>
        <div />
      </div>
      <div
        class="MuiDataGrid-main"
      >
        <div
          class="MuiDataGrid-columnsContainer"
          style="min-height: 56px; max-height: 56px; line-height: 56px;"
        >
          <div
            aria-rowindex="1"
            class="MuiDataGrid-columnHeaderWrapper scroll"
            role="row"
            style="transform: translate3d(0px, 0px, 0px); min-width: 610px;"
          >
            <div
              aria-colindex="1"
              class="MuiDataGrid-columnHeader"
              data-field="date"
              role="columnheader"
              style="width: 100px; min-width: 100px; max-width: 100px;"
              tabindex="0"
            >
              <div
                class="MuiDataGrid-columnHeaderDraggableContainer"
                draggable="false"
              >
                <div
                  class="MuiDataGrid-columnHeaderTitleContainer"
                >
                  <div
                    aria-label=""
                    class="MuiDataGrid-columnHeaderTitle"
                    data-mui-internal-clone-element="true"
                  >
                    Date
                  </div>
                </div>
              </div>
              <div
                class="MuiDataGrid-columnSeparator"
                style="min-height: 56px; opacity: 1;"
              >
                <svg
                  aria-hidden="true"
                  class="MuiSvgIcon-root MuiSvgIcon-fontSizeMedium MuiDataGrid-iconSeparator css-i4bv87-MuiSvgIcon-root"
                  data-testid="SeparatorIcon"
                  focusable="false"
                  viewBox="0 0 24 24"
                >
                  <path
                    d="M11 19V5h2v14z"
                  />
                </svg>
              </div>
            </div>
            <div
              aria-colindex="2"
              class="MuiDataGrid-columnHeader"
              data-field="type"
              role="columnheader"
              style="width: 100px; min-width: 100px; max-width: 100px;"
              tabindex="-1"
            >
              <div
                class="MuiDataGrid-columnHeaderDraggableContainer"
                draggable="false"
              >
                <div
                  class="MuiDataGrid-columnHeaderTitleContainer"
                >
                  <div
                    aria-label=""
                    class="MuiDataGrid-columnHeaderTitle"
                    data-mui-internal-clone-element="true"
                  >
                    Type
                  </div>
                </div>
              </div>
              <div
                class="MuiDataGrid-columnSeparator"
                style="min-height: 56px; opacity: 1;"
              >
                <svg
                  aria-hidden="true"
                  class="MuiSvgIcon-root MuiSvgIcon-fontSizeMedium MuiDataGrid-iconSeparator css-i4bv87-MuiSvgIcon-root"
                  data-testid="SeparatorIcon"
                  focusable="false"
                  viewBox="0 0 24 24"
                >
                  <path
                    d="M11 19V5h2v14z"
                  />
                </svg>
              </div>
            </div>
            <div
              aria-colindex="3"
              class="MuiDataGrid-columnHeader"
              data-field="provider"
              role="columnheader"
              style="width: 130px; min-width: 130px; max-width: 130px;"
              tabindex="-1"
            >
              <div
                class="MuiDataGrid-columnHeaderDraggableContainer"
                draggable="false"
              >
                <div
                  class="MuiDataGrid-columnHeaderTitleContainer"
                >
                  <div
                    aria-label=""
                    class="MuiDataGrid-columnHeaderTitle"
                    data-mui-internal-clone-element="true"
                  >
                     Provider
                  </div>
                </div>
              </div>
              <div
                class="MuiDataGrid-columnSeparator"
                style="min-height: 56px; opacity: 1;"
              >
                <svg
                  aria-hidden="true"
                  class="MuiSvgIcon-root MuiSvgIcon-fontSizeMedium MuiDataGrid-iconSeparator css-i4bv87-MuiSvgIcon-root"
                  data-testid="SeparatorIcon"
                  focusable="false"
                  viewBox="0 0 24 24"
                >
                  <path
                    d="M11 19V5h2v14z"
                  />
                </svg>
              </div>
            </div>
            <div
              aria-colindex="4"
              class="MuiDataGrid-columnHeader"
              data-field="status"
              role="columnheader"
              style="width: 180px; min-width: 180px; max-width: 180px;"
              tabindex="-1"
            >
              <div
                class="MuiDataGrid-columnHeaderDraggableContainer"
                draggable="false"
              >
                <div
                  class="MuiDataGrid-columnHeaderTitleContainer"
                >
                  <div
                    aria-label=""
                    class="MuiDataGrid-columnHeaderTitle"
                    data-mui-internal-clone-element="true"
                  >
                    Status
                  </div>
                </div>
              </div>
              <div
                class="MuiDataGrid-columnSeparator"
                style="min-height: 56px; opacity: 1;"
              >
                <svg
                  aria-hidden="true"
                  class="MuiSvgIcon-root MuiSvgIcon-fontSizeMedium MuiDataGrid-iconSeparator css-i4bv87-MuiSvgIcon-root"
                  data-testid="SeparatorIcon"
                  focusable="false"
                  viewBox="0 0 24 24"
                >
                  <path
                    d="M11 19V5h2v14z"
                  />
                </svg>
              </div>
            </div>
            <div
              aria-colindex="5"
              class="MuiDataGrid-columnHeader"
              data-field="action"
              role="columnheader"
              style="width: 100px; min-width: 100px; max-width: 100px;"
              tabindex="-1"
            >
              <div
                class="MuiDataGrid-columnHeaderDraggableContainer"
                draggable="false"
              >
                <div
                  class="MuiDataGrid-columnHeaderTitleContainer"
                >
                  <div
                    aria-label=""
                    class="MuiDataGrid-columnHeaderTitle"
                    data-mui-internal-clone-element="true"
                  >
                    Action
                  </div>
                </div>
              </div>
              <div
                class="MuiDataGrid-columnSeparator"
                style="min-height: 56px; opacity: 1;"
              >
                <svg
                  aria-hidden="true"
                  class="MuiSvgIcon-root MuiSvgIcon-fontSizeMedium MuiDataGrid-iconSeparator css-i4bv87-MuiSvgIcon-root"
                  data-testid="SeparatorIcon"
                  focusable="false"
                  viewBox="0 0 24 24"
                >
                  <path
                    d="M11 19V5h2v14z"
                  />
                </svg>
              </div>
            </div>
          </div>
        </div>
        <div
          style="overflow: visible; width: 0px;"
        >
          <div
            class="MuiDataGrid-windowContainer"
            style="width: 0px; height: 108px;"
          >
            <div
              class="MuiDataGrid-window"
              style="top: 56px; overflow-y: hidden;"
            >
              <div
                class="MuiDataGrid-dataContainer"
                style="min-width: 610px; min-height: 52px;"
              >
                <div
                  class="MuiDataGrid-viewport"
                  style="min-width: 0; max-width: 0; max-height: 52px;"
                >
                  <div
                    class="MuiDataGrid-renderingZone"
                    style="max-height: 52px; width: 610px; transform: translate3d(0px, 0px, 0px);"
                  >
                    <div
                      aria-rowindex="2"
                      aria-selected="false"
                      class="MuiDataGrid-row"
                      data-id="1"
                      data-rowindex="0"
                      role="row"
                      style="max-height: 52px; min-height: 52px;"
                    >
                      <div
                        aria-colindex="1"
                        class="MuiDataGrid-cell MuiDataGrid-cell--textLeft"
                        data-colindex="0"
                        data-field="date"
                        role="cell"
                        style="min-width: 100px; max-width: 100px; min-height: 52px; max-height: 52px; line-height: 51px;"
                        tabindex="-1"
                      >
                        2021-1-1-2
                      </div>
                      <div
                        aria-colindex="2"
                        class="MuiDataGrid-cell MuiDataGrid-cell--textLeft"
                        data-colindex="1"
                        data-field="type"
                        role="cell"
                        style="min-width: 100px; max-width: 100px; min-height: 52px; max-height: 52px; line-height: 51px;"
                        tabindex="-1"
                      >
                        string
                      </div>
                      <div
                        aria-colindex="3"
                        class="MuiDataGrid-cell MuiDataGrid-cell--textLeft"
                        data-colindex="2"
                        data-field="provider"
                        role="cell"
                        style="min-width: 130px; max-width: 130px; min-height: 52px; max-height: 52px; line-height: 51px;"
                        tabindex="-1"
                      >
                        Raputel
                      </div>
                      <div
                        aria-colindex="4"
                        class="MuiDataGrid-cell--withRenderer MuiDataGrid-cell MuiDataGrid-cell--textLeft"
                        data-colindex="3"
                        data-field="status"
                        role="cell"
                        style="min-width: 180px; max-width: 180px; min-height: 52px; max-height: 52px; line-height: 51px;"
                        tabindex="-1"
                      >
                        <div
                          class="MuiChip-root MuiChip-filled MuiChip-sizeMedium MuiChip-colorSuccess MuiChip-filledSuccess css-1abfbpn-MuiChip-root"
                        >
                          <span
                            class="MuiChip-label MuiChip-labelMedium css-6od3lo-MuiChip-label"
                          >
                            KYC Passed
                          </span>
                        </div>
                      </div>
                      <div
                        aria-colindex="5"
                        class="MuiDataGrid-cell--withRenderer MuiDataGrid-cell MuiDataGrid-cell--textLeft"
                        data-colindex="4"
                        data-field="action"
                        role="cell"
                        style="min-width: 100px; max-width: 100px; min-height: 52px; max-height: 52px; line-height: 51px;"
                        tabindex="-1"
                      >
                        <button
                          class="MuiButtonBase-root MuiIconButton-root MuiIconButton-sizeMedium css-78trlr-MuiButtonBase-root-MuiIconButton-root"
                          tabindex="0"
                          title="View message"
                          type="button"
                        >
                          <svg
                            aria-hidden="true"
                            class="MuiSvgIcon-root MuiSvgIcon-fontSizeMedium css-i4bv87-MuiSvgIcon-root"
                            data-testid="VisibilityIcon"
                            focusable="false"
                            viewBox="0 0 24 24"
                          >
                            <path
                              d="M12 4.5C7 4.5 2.73 7.61 1 12c1.73 4.39 6 7.5 11 7.5s9.27-3.11 11-7.5c-1.73-4.39-6-7.5-11-7.5zM12 17c-2.76 0-5-2.24-5-5s2.24-5 5-5 5 2.24 5 5-2.24 5-5 5zm0-8c-1.66 0-3 1.34-3 3s1.34 3 3 3 3-1.34 3-3-1.34-3-3-3z"
                            />
                          </svg>
                          <span
                            class="MuiTouchRipple-root css-8je8zh-MuiTouchRipple-root"
                          />
                        </button>
                      </div>
                    </div>
                  </div>
                </div>
              </div>
            </div>
          </div>
        </div>
        <div
          class="Mui-resizeTriggers"
        >
          <div
            class="expand-trigger"
          >
            <div
              style="width: 1px; height: 1px;"
            />
          </div>
          <div
            class="contract-trigger"
          />
        </div>
      </div>
    </div>
  </div>
</div>
`;
